Head - 1 - 2 - 3 - 4 - 5 - 6 - 7 - 8 - 9 - Tail

=> exchange(1,2)
Head - 2 - 1 - 3 - 4 - 5 - 6 - 7 - 8 - 9 - Tail
=> exchange(1,2)
Head - 1 - 2 - 3 - 4 - 5 - 6 - 7 - 8 - 9 - Tail
=> exchange(4,7)
Head - 1 - 2 - 3 - 7 - 5 - 6 - 4 - 8 - 9 - Tail
=> exchange(4,7)
Head - 1 - 2 - 3 - 4 - 5 - 6 - 7 - 8 - 9 - Tail
